=== resource benchmark: 1 reference set vs N (alpha 22, target level 0.05) ===
results ./resource-scaling.tsv
log     ./resource-scaling.log
scratch /var/folders/5v/gxb34yvs5dl0qjqhrm3jqvlw0000gn/T//resource-scaling.znniKR (removed on exit)
threads 1 (wfmash -t, gdiff --num-threads)

--- inputs
    1/10  AG-359-G18  ->  mutated_BLOSUM62_AG-359-G18_a22_gnd006
    2/10  AG-390-D15  ->  mutated_BLOSUM62_AG-390-D15_a22_gnd006
    3/10  AG-390-N04  ->  mutated_BLOSUM62_AG-390-N04_a22_gnd006
    4/10  AG-414-L04  ->  mutated_BLOSUM62_AG-414-L04_a22_gnd006
    5/10  AG-426-E17  ->  mutated_BLOSUM62_AG-426-E17_a22_gnd005
    6/10  AG-435-F03  ->  mutated_BLOSUM62_AG-435-F03_a22_gnd006
    7/10  AG-891-G05  ->  mutated_BLOSUM62_AG-891-G05_a22_gnd006
    8/10  AG-891-I18  ->  mutated_BLOSUM62_AG-891-I18_a22_gnd006
    9/10  AG-891-J04  ->  mutated_BLOSUM62_AG-891-J04_a22_gnd006
    10/10  AG-891-J07  ->  mutated_BLOSUM62_AG-891-J07_a22_gnd006

--- indexes (built once, shared by every case)

--- mapping (queries x references)
    1x1  gdiff windows 10221, wfmash alignments 63
    1xN  gdiff windows 124245, wfmash alignments 509
    Nx1  gdiff windows 102210, wfmash alignments 512
    NxN  gdiff windows 1242450, wfmash alignments 4014

--- threads actually used
    gdiff   1
    wfmash  1

--- indexes, built once and shared
    references                gdiff             wfmash
    1                 0.06 s     13 MiB      0.24 s     55 MiB
    10                0.56 s     50 MiB      1.59 s    551 MiB

--- mapping (a cell is one query against one reference)
    case   cells |   gdiff s   s/cell |   wfmash s   s/cell
    1x1        1 |      0.06   0.0600 |       8.82   8.8200
    1xN       10 |      0.53   0.0530 |      54.38   5.4380
    Nx1       10 |      0.49   0.0490 |      65.00   6.5000
    NxN      100 |      5.29   0.0529 |     559.65   5.5965

--- 1 reference set -> 10 on one shared index (the 1x1 -> NxN corner)
    gdiff   cells x100  wall x88.17  -> per-cell cost x0.88  (0.060 -> 0.053 s/cell)
    wfmash  cells x100  wall x63.45  -> per-cell cost x0.63  (8.820 -> 5.596 s/cell)

--- reading it
    Cost tracks query x reference cells, not genomes: 1x1 -> NxN multiplies the cells by
    100, so dividing wall time by the number of genomes overstates the growth. Compare
    1x1 -> 1xN (query scaling) with 1x1 -> Nx1 (reference scaling) before attributing
    growth to the shared index. Peak RSS is a per-process high-water mark.

wrote ./resource-scaling.tsv

--- results
case     tool    step   references  queries  cells  threads  wall_s   user_s   sys_s   peak_rss_mb  exit
index_1  gdiff   index  1           0        0      1        0.060    0.040    0.000   13.3         0
index_1  wfmash  index  1           0        0      1        0.240    0.100    0.020   55.4         0
index_N  gdiff   index  10          0        0      1        0.560    0.520    0.030   50.4         0
index_N  wfmash  index  10          0        0      1        1.590    1.330    0.190   551.0        0
1x1      gdiff   map    1           1        1      1        0.060    0.040    0.000   8.1          0
1x1      wfmash  map    1           1        1      1        8.820    8.560    0.120   150.2        0
1xN      gdiff   map    1           10       10     1        0.530    0.510    0.010   28.9         0
1xN      wfmash  map    1           10       10     1        54.380   52.990   1.290   465.5        0
Nx1      gdiff   map    10          1        10     1        0.490    0.430    0.010   36.0         0
Nx1      wfmash  map    10          1        10     1        65.000   63.510   1.420   476.8        0
NxN      gdiff   map    10          10       100    1        5.290    5.220    0.060   53.5         0
NxN      wfmash  map    10          10       100    1        559.650  547.470  12.090  630.9        0
