=== resource benchmark: 1 reference set vs N (alpha 22, mixed levels) ===
results ./resource-scaling.tsv
log     ./resource-scaling.log
scratch /tmp/resource-scaling.Ey8Qtf (removed on exit)
threads 8 (wfmash -t, gdiff --num-threads)
pool    29 seed(s); N=100 reference(s), Q=10 query/queries
        the pool is cycled: repeated copies get a c<K>_ contig prefix so names stay unique

--- inputs
    levels drawn from [0.01 0.05 0.10 0.18] with rng seed 1: 0.01 x30, 0.05 x24, 0.10 x21, 0.18 x35
    reference 1/100  level 0.05  AG-359-G18  ->  mutated_BLOSUM62_AG-359-G18_a22_gnd006
    reference 11/100  level 0.18  AG-891-K05  ->  mutated_BLOSUM62_AG-891-K05_a22_gnd020
    reference 21/100  level 0.01  AG-900-I13  ->  mutated_BLOSUM62_AG-900-I13_a22_gnd001
    reference 31/100  level 0.18  AG-390-D15  ->  mutated_BLOSUM62_AG-390-D15_a22_gnd020  (copy 1)
    reference 41/100  level 0.05  AG-892-F15  ->  mutated_BLOSUM62_AG-892-F15_a22_gnd006  (copy 1)
    reference 51/100  level 0.01  AG-904-K03  ->  mutated_BLOSUM62_AG-904-K03_a22_gnd001  (copy 1)
    reference 61/100  level 0.01  AG-390-N04  ->  mutated_BLOSUM62_AG-390-N04_a22_gnd001  (copy 2)
    reference 71/100  level 0.05  AG-893-E23  ->  mutated_BLOSUM62_AG-893-E23_a22_gnd006  (copy 2)
    reference 81/100  level 0.10  AG-908-A02  ->  mutated_BLOSUM62_AG-908-A02_a22_gnd011  (copy 2)
    reference 91/100  level 0.18  AG-414-L04  ->  mutated_BLOSUM62_AG-414-L04_a22_gnd020  (copy 3)
    reference 100/100  level 0.05  AG-893-E23  ->  mutated_BLOSUM62_AG-893-E23_a22_gnd006  (copy 3)
    query     1/10  level 0.05  AG-359-G18  ->  mutated_BLOSUM62_AG-359-G18_a22_gnd006
    query     2/10  level 0.05  AG-390-D15  ->  mutated_BLOSUM62_AG-390-D15_a22_gnd006
    query     3/10  level 0.01  AG-390-N04  ->  mutated_BLOSUM62_AG-390-N04_a22_gnd001
    query     4/10  level 0.10  AG-414-L04  ->  mutated_BLOSUM62_AG-414-L04_a22_gnd011
    query     5/10  level 0.01  AG-426-E17  ->  mutated_BLOSUM62_AG-426-E17_a22_gnd001
    query     6/10  level 0.01  AG-435-F03  ->  mutated_BLOSUM62_AG-435-F03_a22_gnd001
    query     7/10  level 0.01  AG-891-G05  ->  mutated_BLOSUM62_AG-891-G05_a22_gnd001
    query     8/10  level 0.01  AG-891-I18  ->  mutated_BLOSUM62_AG-891-I18_a22_gnd001
    query     9/10  level 0.18  AG-891-J04  ->  mutated_BLOSUM62_AG-891-J04_a22_gnd020
    query     10/10  level 0.01  AG-891-J07  ->  mutated_BLOSUM62_AG-891-J07_a22_gnd001
        refN.fa 121M, qryQ.fa 12M

--- indexes (built once, shared by every case)

--- mapping (queries x references)
    1x1  gdiff windows 10221, wfmash alignments 63
    1xQ  gdiff windows 124245, wfmash alignments 652
    Nx1  gdiff windows 1022100, wfmash alignments 5011
    NxQ  gdiff windows 12424500, wfmash alignments 46879

--- threads actually used
    gdiff   8
    wfmash  8

--- indexes, built once and shared
    references                gdiff             wfmash
    1                 0.09 s     12 MiB      0.36 s     28 MiB
    100               1.07 s    352 MiB     23.43 s   4639 MiB

--- mapping (a cell is one query against one reference)
    case   cells |   gdiff s   s/cell |   wfmash s   s/cell
    1x1        1 |      0.04   0.0400 |       2.44   2.4400
    1xQ       10 |      0.19   0.0190 |      15.77   1.5770
    Nx1      100 |      1.42   0.0142 |     147.89   1.4789
    NxQ     1000 |     15.76   0.0158 |    1409.22   1.4092

--- scaling against the 1x1 baseline (1xQ = 10 cells, Nx1 = 100 cells, NxQ = 1000 cells)
    gdiff   baseline    0.04 s | 1xQ x4.75   | Nx1 x35.50  | NxQ x394.00
    wfmash  baseline    2.44 s | 1xQ x6.46   | Nx1 x60.61  | NxQ x577.55

--- reading it
    1xQ (1 reference, 10 queries) and Nx1 (100 references, 1 query) are independent, so
    those two rows separate query-side from reference-side cost: whichever is larger
    dominates its side. NxQ is the full grid at 1000 cells, and per-cell cost should
    match the two single-sided rows. Cost falling per cell with the count is fixed
    per-invocation cost being amortised, not a scaling penalty. Peak RSS is a per-process
    high-water mark.

wrote ./resource-scaling.tsv

--- results
case     tool    step   references  queries  cells  threads  wall_s    user_s     sys_s    peak_rss_mb  exit
index_1  gdiff   index  1           0        0      8        0.090     0.060      0.030    12.0         0
index_1  wfmash  index  1           0        0      8        0.360     0.890      0.080    28.0         0
index_N  gdiff   index  100         0        0      8        1.070     7.010      0.470    352.0        0
index_N  wfmash  index  100         0        0      8        23.430    124.040    6.220    4639.3       0
1x1      gdiff   map    1           1        1      8        0.040     0.070      0.020    8.0          0
1x1      wfmash  map    1           1        1      8        2.440     14.350     0.820    444.2        0
1xQ      gdiff   map    1           10       10     8        0.190     0.730      0.050    24.0         0
1xQ      wfmash  map    1           10       10     8        15.770    111.810    6.480    606.3        0
Nx1      gdiff   map    100         1        100    8        1.420     6.530      0.130    215.5        0
Nx1      wfmash  map    100         1        100    8        147.890   1079.370   81.680   1560.0       0
NxQ      gdiff   map    100         10       1000   8        15.760    69.190     1.940    222.2        0
NxQ      wfmash  map    100         10       1000   8        1409.220  10592.300  639.050  1576.1       0
