=== resource benchmark: 1 reference set vs N (alpha 22, target level 0.05) ===
results ./resource-scaling.tsv
log     ./resource-scaling.log
scratch /tmp/resource-scaling.dJwDXV (removed on exit)
threads 4 (wfmash -t, gdiff --num-threads)
pool    29 seed(s); using N=100 genome(s) in 4 pass(es) over the pool
        the pool is cycled: repeated copies get a c<K>_ contig prefix so names stay unique

--- inputs
    1/100  level 0.05  AG-359-G18  ->  mutated_BLOSUM62_AG-359-G18_a22_gnd006
    11/100  level 0.05  AG-891-K05  ->  mutated_BLOSUM62_AG-891-K05_a22_gnd005
    21/100  level 0.05  AG-900-I13  ->  mutated_BLOSUM62_AG-900-I13_a22_gnd006
    31/100  level 0.05  AG-390-D15  ->  mutated_BLOSUM62_AG-390-D15_a22_gnd006  (copy 1)
    41/100  level 0.05  AG-892-F15  ->  mutated_BLOSUM62_AG-892-F15_a22_gnd006  (copy 1)
    51/100  level 0.05  AG-904-K03  ->  mutated_BLOSUM62_AG-904-K03_a22_gnd006  (copy 1)
    61/100  level 0.05  AG-390-N04  ->  mutated_BLOSUM62_AG-390-N04_a22_gnd006  (copy 2)
    71/100  level 0.05  AG-893-E23  ->  mutated_BLOSUM62_AG-893-E23_a22_gnd006  (copy 2)
    81/100  level 0.05  AG-908-A02  ->  mutated_BLOSUM62_AG-908-A02_a22_gnd006  (copy 2)
    91/100  level 0.05  AG-414-L04  ->  mutated_BLOSUM62_AG-414-L04_a22_gnd006  (copy 3)
    100/100  level 0.05  AG-893-E23  ->  mutated_BLOSUM62_AG-893-E23_a22_gnd006  (copy 3)
        refN.fa 121M, qryN.fa 120M

--- indexes (built once, shared by every case)

--- mapping (queries x references)
resource-scaling.sh: line 238: /tmp/resource-scaling.dJwDXV/aln.1x1.paf: No such file or directory
    1x1  gdiff windows 10221, wfmash alignments 
resource-scaling.sh: line 238: /tmp/resource-scaling.dJwDXV/aln.1xN.paf: No such file or directory
    1xN  gdiff windows 1241942, wfmash alignments 
resource-scaling.sh: line 238: /tmp/resource-scaling.dJwDXV/aln.Nx1.paf: No such file or directory
    Nx1  gdiff windows 1022100, wfmash alignments 

--- threads actually used
    gdiff   4
    wfmash  4

--- indexes, built once and shared
    references                gdiff             wfmash
    1                 0.09 s     12 MiB      0.36 s     32 MiB
    100               2.14 s    328 MiB     22.51 s   4414 MiB

--- mapping (a cell is one query against one reference)
    case   cells |   gdiff s   s/cell |   wfmash s   s/cell
    1x1        1 |      0.04   0.0400 |       3.93   3.9300
    1xN      100 |      2.24   0.0224 |     208.81   2.0881
    Nx1      100 |      2.06   0.0206 |     289.11   2.8911

--- scaling against the 1x1 baseline, both at 100 cells
    gdiff   baseline    0.04 s | 1xN x56.00  | Nx1 x51.50 
    wfmash  baseline    3.93 s | 1xN x53.13  | Nx1 x73.56 

--- reading it
    1xN (1 reference, N queries) and Nx1 (N references, 1 query) are both N cells, so
    the two columns separate query-side from reference-side cost: whichever is larger is
    the side that dominates at this N. Per-cell cost falling with N is fixed
    per-invocation cost being amortised, not a scaling penalty. Peak RSS is a per-process
    high-water mark.

wrote ./resource-scaling.tsv

--- results
case     tool    step   references  queries  cells  threads  wall_s   user_s    sys_s   peak_rss_mb  exit
index_1  gdiff   index  1           0        0      4        0.090    0.070     0.020   12.0         0
index_1  wfmash  index  1           0        0      4        0.360    0.500     0.070   32.1         0
index_N  gdiff   index  100         0        0      4        2.140    6.950     0.580   328.1        0
index_N  wfmash  index  100         0        0      4        22.510   61.970    6.230   4413.7       0
1x1      gdiff   map    1           1        1      4        0.040    0.070     0.010   8.0          0
1x1      wfmash  map    1           1        1      4        3.930    14.280    0.690   284.5        0
1xN      gdiff   map    1           100      100    4        2.240    6.640     0.150   59.4         0
1xN      wfmash  map    1           100      100    4        208.810  774.020   57.140  531.0        0
Nx1      gdiff   map    100         1        100    4        2.060    6.070     0.170   227.9        0
Nx1      wfmash  map    100         1        100    4        289.110  1083.010  64.470  1560.1       0
